[
["Ash Fork", "Yavapai"],
["Bagdad", "Yavapai"],
["Black Canyon City", "Yavapai"],
["Camp Verde", "Yavapai"],
["Chino Valley", "Yavapai"],
["Clarkdale", "Yavapai"],
["Congress", "Yavapai"],
["Cordes Lakes", "Yavapai"],
["Cornville", "Yavapai"],
["Cottonwood", "Yavapai"],
["Dewey-Humboldt", "Yavapai"],
["Jerome", "Yavapai"],
["Lake Montezuma", "Yavapai"],
["Mayer", "Yavapai"],
["Mingus Mountain", "Yavapai"],
["Paulden", "Yavapai"],
["Peeples Valley", "Yavapai"],
["Prescott", "Yavapai"],
["Prescott Valley", "Yavapai"],
["Sedona", "Yavapai"],
["Seligman", "Yavapai"],
["Spring Valley", "Yavapai"],
["Verde Village", "Yavapai"],
["Village of Oak Creek", "Yavapai"],
["Wickenburg", "Yavapai"],
["Wilhoit", "Yavapai"],
["Williamson", "Yavapai"],
["Yarnell", "Yavapai"],
["Bitter Springs", "Coconino"],
["Cameron", "Coconino"],
["Doney Park", "Coconino"],
["Flagstaff", "Coconino"],
["Fort Valley", "Coconino"],
["Fredonia", "Coconino"],
["Grand Canyon", "Coconino"],
["Havasupai", "Coconino"],
["Hopi", "Coconino"],
["Hualapai", "Coconino"],
["Kachina Village", "Coconino"],
["Kaibab Plateau", "Coconino"],
["Kaibito", "Coconino"],
["LeChee", "Coconino"],
["Leupp", "Coconino"],
["Moenkopi", "Coconino"],
["Mountainaire", "Coconino"],
["Munds Park", "Coconino"],
["Page", "Coconino"],
["Parks", "Coconino"],
["Sedona", "Coconino"],
["Supai", "Coconino"],
["Tolani Lake", "Coconino"],
["Tonalea", "Coconino"],
["Tuba City", "Coconino"],
["Tuba City", "Coconino"],
["Tusayan", "Coconino"],
["Williams", "Coconino"],
["Winslow West", "Coconino"],
["Valle", "Coconino"],
["Flagstaff", "Coconino"],
["Parks", "Coconino"],
["Williams", "Coconino"],
["Alpine", "Apache"],
["Burnside", "Apache"],
["Chinle", "Apache"],
["Chinle", "Apache"],
["Concho", "Apache"],
["Cornfields", "Apache"],
["Cottonwood", "Apache"],
["Del Muerto", "Apache"],
["Dennehotso", "Apache"],
["Eagar", "Apache"],
["Fort Apache", "Apache"],
["Fort Defiance", "Apache"],
["Ganado", "Apache"],
["Greer", "Apache"],
["Houck", "Apache"],
["Klagetoh", "Apache"],
["Lukachukai", "Apache"],
["Lupton", "Apache"],
["Many Farms", "Apache"],
["McNary", "Apache"],
["Nazlini", "Apache"],
["Nutrioso", "Apache"],
["Oak Springs", "Apache"],
["Puerco", "Apache"],
["Red Mesa", "Apache"],
["Red Rock", "Apache"],
["Rock Point", "Apache"],
["Rough Rock", "Apache"],
["Round Rock", "Apache"],
["Sanders", "Apache"],
["Sawmill", "Apache"],
["Sehili", "Apache"],
["Springerville", "Apache"],
["St. Johns", "Apache"],
["St. Michaels", "Apache"],
["St Michaels", "Apache"],
["Saint Michaels", "Apache"],
["Steamboat", "Apache"],
["Sweetwater", "Apache"],
["Teec Nos Pos", "Apache"],
["Toyei", "Apache"],
["Tsaile", "Apache"],
["Vernon", "Apache"],
["Wide Ruins", "Apache"],
["Window Rock", "Apache"],
["Chilchinbito", "Navajo"],
["Cibecue", "Navajo"],
["Clay Springs", "Navajo"],
["Dilkon", "Navajo"],
["East Fork", "Navajo"],
["First Mesa", "Navajo"],
["Fort Apache", "Navajo"],
["Greasewood", "Navajo"],
["Hard Rock", "Navajo"],
["Heber-Overgaard", "Navajo"],
["Holbrook", "Navajo"],
["Hondah", "Navajo"],
["Hopi", "Navajo"],
["Hotevilla-Bacavi", "Navajo"],
["Indian Wells", "Navajo"],
["Jeddito", "Navajo"],
["Joseph City", "Navajo"],
["Kayenta", "Navajo"],
["Keams Canyon", "Navajo"],
["Kykotsmovi Village", "Navajo"],
["Lake of the Woods", "Navajo"],
["Linden", "Navajo"],
["Low Mountain", "Navajo"],
["McNary", "Navajo"],
["North Fork", "Navajo"],
["Oljato-Monument Valley", "Navajo"],
["Pinedale", "Navajo"],
["Pinetop Country Club", "Navajo"],
["Pinetop-Lakeside", "Navajo"],
["Lakeside", "Navajo"],
["Pinon", "Navajo"],
["Rainbow City", "Navajo"],
["Seba Dalkai", "Navajo"],
["Second Mesa", "Navajo"],
["Seven Mile", "Navajo"],
["Shongopovi", "Navajo"],
["Shonto", "Navajo"],
["Show Low", "Navajo"],
["Snowflake", "Navajo"],
["Sun Valley", "Navajo"],
["Taylor", "Navajo"],
["Tees Toh", "Navajo"],
["Turkey Creek", "Navajo"],
["Wagon Wheel", "Navajo"],
["White Mountain Lake", "Navajo"],
["Whitecone", "Navajo"],
["Whiteriver", "Navajo"],
["Winslow", "Navajo"],
["Woodruff", "Navajo"]
]
