[
["AARON", "AARON"],
["ABBY", "ABBY"],
["ABDUL", "ABDUL"],
["ABE", "ABE"],
["ABEL", "ABEL"],
["ABIGAIL", "ABIGAIL"],
["ABRAHAM", "ABRAHAM"],
["ABRAM", "ABRAM"],
["ADA", "ADA"],
["ADALBERTO", "ADALBERTO"],
["ADAM", "ADAM"],
["ADAN", "ADAN"],
["ADDIE", "ADDIE"],
["ADELA", "ADELA"],
["ADELE", "ADELE"],
["ADELINE", "ADELINE"],
["ADOLFO", "ADOLFO"],
["ADOLPH", "ADOLPH"],
["ADRIAN", "ADRIAN"],
["ADRIAN", "ADRIAN"],
["ADRIANA", "ADRIANA"],
["ADRIENNE", "ADRIENNE"],
["AGNES", "AGNES"],
["AGUSTIN", "AGUSTIN"],
["AHMAD", "AHMAD"],
["AHMED", "AHMED"],
["AIDA", "AIDA"],
["AILEEN", "AILEEN"],
["AIMEE", "AIMEE"],
["AISHA", "AISHA"],
["AL", "AL"],
["ALAN", "ALAN"],
["ALANA", "ALANA"],
["ALBA", "ALBA"],
["ALBERT", "ALBERT"],
["ALBERTA", "ALBERTA"],
["ALBERTO", "ALBERTO"],
["ALDEN", "ALDEN"],
["ALDO", "ALDO"],
["ALEC", "ALEC"],
["ALEJANDRA", "ALEJANDRA"],
["ALEJANDRO", "ALEJANDRO"],
["ALEX", "ALEX"],
["ALEXANDER", "ALEXANDER"],
["ALEXANDRA", "ALEXANDRA"],
["ALEXANDRIA", "ALEXANDRIA"],
["ALEXIS", "ALEXIS"],
["ALEXIS", "ALEXIS"],
["ALFONSO", "ALFONSO"],
["ALFONZO", "ALFONZO"],
["ALFRED", "ALFRED"],
["ALFREDA", "ALFREDA"],
["ALFREDO", "ALFREDO"],
["ALI", "ALI"],
["ALICE", "ALICE"],
["ALICIA", "ALICIA"],
["ALINE", "ALINE"],
["ALISA", "ALISA"],
["ALISHA", "ALISHA"],
["ALISON", "ALISON"],
["ALISSA", "ALISSA"],
["ALLAN", "ALLAN"],
["ALLEN", "ALLEN"],
["ALLIE", "ALLIE"],
["ALLISON", "ALLISON"],
["ALLYSON", "ALLYSON"],
["ALMA", "ALMA"],
["ALONSO", "ALONSO"],
["ALONZO", "ALONZO"],
["ALPHONSE", "ALPHONSE"],
["ALPHONSO", "ALPHONSO"],
["ALTA", "ALTA"],
["ALTHEA", "ALTHEA"],
["ALTON", "ALTON"],
["ALVA", "ALVA"],
["ALVARO", "ALVARO"],
["ALVIN", "ALVIN"],
["ALYCE", "ALYCE"],
["ALYSON", "ALYSON"],
["ALYSSA", "ALYSSA"],
["AMADO", "AMADO"],
["AMALIA", "AMALIA"],
["AMANDA", "AMANDA"],
["AMBER", "AMBER"],
["AMBROSE", "AMBROSE"],
["AMELIA", "AMELIA"],
["AMIE", "AMIE"],
["AMOS", "AMOS"],
["AMPARO", "AMPARO"],
["AMY", "AMY"],
["ANA", "ANA"],
["ANASTASIA", "ANASTASIA"],
["ANDERSON", "ANDERSON"],
["ANDRE", "ANDRE"],
["ANDREA", "ANDREA"],
["ANDREA", "ANDREA"],
["ANDREAS", "ANDREAS"],
["ANDRES", "ANDRES"],
["ANDREW", "ANDREW"],
["ANDY", "ANDY"],
["ANGEL", "ANGEL"],
["ANGEL", "ANGEL"],
["ANGELA", "ANGELA"],
["ANGELIA", "ANGELIA"],
["ANGELICA", "ANGELICA"],
["ANGELINA", "ANGELINA"],
["ANGELINE", "ANGELINE"],
["ANGELIQUE", "ANGELIQUE"],
["ANGELITA", "ANGELITA"],
["ANGELO", "ANGELO"],
["ANGIE", "ANGIE"],
["ANIBAL", "ANIBAL"],
["ANITA", "ANITA"],
["ANN", "ANN"],
["ANNA", "ANNA"],
["ANNABELLE", "ANNABELLE"],
["ANNE", "ANNE"],
["ANNETTE", "ANNETTE"],
["ANNIE", "ANNIE"],
["ANNMARIE", "ANNMARIE"],
["ANTHONY", "ANTHONY"],
["ANTIONE", "ANTIONE"],
["ANTOINE", "ANTOINE"],
["ANTOINETTE", "ANTOINETTE"],
["ANTON", "ANTON"],
["ANTONE", "ANTONE"],
["ANTONIA", "ANTONIA"],
["ANTONIA", "ANTONIA"],
["ANTONIO", "ANTONIO"],
["ANTONY", "ANTONY"],
["ANTWAN", "ANTWAN"],
["APRIL", "APRIL"],
["ARACELI", "ARACELI"],
["ARCHIE", "ARCHIE"],
["ARDEN", "ARDEN"],
["ARIEL", "ARIEL"],
["ARLEN", "ARLEN"],
["ARLENE", "ARLENE"],
["ARLIE", "ARLIE"],
["ARLINE", "ARLINE"],
["ARMAND", "ARMAND"],
["ARMANDO", "ARMANDO"],
["ARNOLD", "ARNOLD"],
["ARNOLDO", "ARNOLDO"],
["ARNULFO", "ARNULFO"],
["ARON", "ARON"],
["ARRON", "ARRON"],
["ART", "ART"],
["ARTHUR", "ARTHUR"],
["ARTURO", "ARTURO"],
["ASA", "ASA"],
["ASHLEE", "ASHLEE"],
["ASHLEY", "ASHLEY"],
["ASHLEY", "ASHLEY"],
["AUBREY", "AUBREY"],
["AUDRA", "AUDRA"],
["AUDREY", "AUDREY"],
["AUGUST", "AUGUST"],
["AUGUSTA", "AUGUSTA"],
["AUGUSTINE", "AUGUSTINE"],
["AUGUSTUS", "AUGUSTUS"],
["AURELIA", "AURELIA"],
["AURELIO", "AURELIO"],
["AURORA", "AURORA"],
["AUSTIN", "AUSTIN"],
["AUTUMN", "AUTUMN"],
["AVA", "AVA"],
["AVERY", "AVERY"],
["AVIS", "AVIS"],
["BARBARA", "BARBARA"],
["BARBRA", "BARBRA"],
["BARNEY", "BARNEY"],
["BARRETT", "BARRETT"],
["BARRY", "BARRY"],
["BART", "BART"],
["BARTON", "BARTON"],
["BASIL", "BASIL"],
["BEATRICE", "BEATRICE"],
["BEATRIZ", "BEATRIZ"],
["BEAU", "BEAU"],
["BECKY", "BECKY"],
["BELINDA", "BELINDA"],
["BEN", "BEN"],
["BENEDICT", "BENEDICT"],
["BENITA", "BENITA"],
["BENITO", "BENITO"],
["BENJAMIN", "BENJAMIN"],
["BENNETT", "BENNETT"],
["BENNIE", "BENNIE"],
["BENNY", "BENNY"],
["BENTON", "BENTON"],
["BERNADETTE", "BERNADETTE"],
["BERNADINE", "BERNADINE"],
["BERNARD", "BERNARD"],
["BERNARDO", "BERNARDO"],
["BERNICE", "BERNICE"],
["BERNIE", "BERNIE"],
["BERRY", "BERRY"],
["BERT", "BERT"],
["BERTA", "BERTA"],
["BERTHA", "BERTHA"],
["BERTIE", "BERTIE"],
["BERTRAM", "BERTRAM"],
["BERYL", "BERYL"],
["BESSIE", "BESSIE"],
["BETH", "BETH"],
["BETHANY", "BETHANY"],
["BETSY", "BETSY"],
["BETTE", "BETTE"],
["BETTIE", "BETTIE"],
["BETTY", "BETTY"],
["BETTYE", "BETTYE"],
["BEULAH", "BEULAH"],
["BEVERLEY", "BEVERLEY"],
["BEVERLY", "BEVERLY"],
["BIANCA", "BIANCA"],
["BILL", "BILL"],
["BILLIE", "BILLIE"],
["BILLIE", "BILLIE"],
["BILLY", "BILLY"],
["BLAINE", "BLAINE"],
["BLAIR", "BLAIR"],
["BLAKE", "BLAKE"],
["BLANCA", "BLANCA"],
["BLANCHE", "BLANCHE"],
["BO", "BO"],
["BOB", "BOB"],
["BOBBI", "BOBBI"],
["BOBBIE", "BOBBIE"],
["BOBBIE", "BOBBIE"],
["BOBBY", "BOBBY"],
["BONITA", "BONITA"],
["BONNIE", "BONNIE"],
["BOOKER", "BOOKER"],
["BORIS", "BORIS"],
["BOYCE", "BOYCE"],
["BOYD", "BOYD"],
["BRAD", "BRAD"],
["BRADFORD", "BRADFORD"],
["BRADLEY", "BRADLEY"],
["BRADLY", "BRADLY"],
["BRADY", "BRADY"],
["BRAIN", "BRAIN"],
["BRANDEN", "BRANDEN"],
["BRANDI", "BRANDI"],
["BRANDIE", "BRANDIE"],
["BRANDON", "BRANDON"],
["BRANDY", "BRANDY"],
["BRANT", "BRANT"],
["BRENDA", "BRENDA"],
["BRENDAN", "BRENDAN"],
["BRENDON", "BRENDON"],
["BRENT", "BRENT"],
["BRENTON", "BRENTON"],
["BRET", "BRET"],
["BRETT", "BRETT"],
["BRIAN", "BRIAN"],
["BRIANA", "BRIANA"],
["BRIANNA", "BRIANNA"],
["BRICE", "BRICE"],
["BRIDGET", "BRIDGET"],
["BRIDGETT", "BRIDGETT"],
["BRIDGETTE", "BRIDGETTE"],
["BRIGITTE", "BRIGITTE"],
["BRITNEY", "BRITNEY"],
["BRITT", "BRITT"],
["BRITTANY", "BRITTANY"],
["BRITTNEY", "BRITTNEY"],
["BROCK", "BROCK"],
["BRODERICK", "BRODERICK"],
["BROOKE", "BROOKE"],
["BROOKS", "BROOKS"],
["BRUCE", "BRUCE"],
["BRUNO", "BRUNO"],
["BRYAN", "BRYAN"],
["BRYANT", "BRYANT"],
["BRYCE", "BRYCE"],
["BRYON", "BRYON"],
["BUCK", "BUCK"],
["BUD", "BUD"],
["BUDDY", "BUDDY"],
["BUFORD", "BUFORD"],
["BURL", "BURL"],
["BURT", "BURT"],
["BURTON", "BURTON"],
["BUSTER", "BUSTER"],
["BYRON", "BYRON"],
["CAITLIN", "CAITLIN"],
["CALEB", "CALEB"],
["CALLIE", "CALLIE"],
["CALVIN", "CALVIN"],
["CAMERON", "CAMERON"],
["CAMILLE", "CAMILLE"],
["CANDACE", "CANDACE"],
["CANDICE", "CANDICE"],
["CANDY", "CANDY"],
["CARA", "CARA"],
["CAREY", "CAREY"],
["CAREY", "CAREY"],
["CARISSA", "CARISSA"],
["CARL", "CARL"],
["CARLA", "CARLA"],
["CARLENE", "CARLENE"],
["CARLO", "CARLO"],
["CARLOS", "CARLOS"],
["CARLTON", "CARLTON"],
["CARLY", "CARLY"],
["CARMELA", "CARMELA"],
["CARMELLA", "CARMELLA"],
["CARMELO", "CARMELO"],
["CARMEN", "CARMEN"],
["CARMEN", "CARMEN"],
["CARMINE", "CARMINE"],
["CAROL", "CAROL"],
["CAROL", "CAROL"],
["CAROLE", "CAROLE"],
["CAROLINA", "CAROLINA"],
["CAROLINE", "CAROLINE"],
["CAROLYN", "CAROLYN"],
["CARRIE", "CARRIE"],
["CARROL", "CARROL"],
["CARROLL", "CARROLL"],
["CARSON", "CARSON"],
["CARTER", "CARTER"],
["CARY", "CARY"],
["CASANDRA", "CASANDRA"],
["CASEY", "CASEY"],
["CASEY", "CASEY"],
["CASSANDRA", "CASSANDRA"],
["CASSIE", "CASSIE"],
["CATALINA", "CATALINA"],
["CATHERINE", "CATHERINE"],
["CATHLEEN", "CATHLEEN"],
["CATHRYN", "CATHRYN"],
["CATHY", "CATHY"],
["CECELIA", "CECELIA"],
["CECIL", "CECIL"],
["CECILE", "CECILE"],
["CECILIA", "CECILIA"],
["CEDRIC", "CEDRIC"],
["CEDRICK", "CEDRICK"],
["CELESTE", "CELESTE"],
["CELIA", "CELIA"],
["CELINA", "CELINA"],
["CESAR", "CESAR"],
["CHAD", "CHAD"],
["CHADWICK", "CHADWICK"],
["CHANCE", "CHANCE"],
["CHANDRA", "CHANDRA"],
["CHANG", "CHANG"],
["CHARITY", "CHARITY"],
["CHARLENE", "CHARLENE"],
["CHARLES", "CHARLES"],
["CHARLEY", "CHARLEY"],
["CHARLIE", "CHARLIE"],
["CHARLOTTE", "CHARLOTTE"],
["CHARMAINE", "CHARMAINE"],
["CHAS", "CHAS"],
["CHASE", "CHASE"],
["CHASITY", "CHASITY"],
["CHAUNCEY", "CHAUNCEY"],
["CHELSEA", "CHELSEA"],
["CHERI", "CHERI"],
["CHERIE", "CHERIE"],
["CHERRY", "CHERRY"],
["CHERYL", "CHERYL"],
["CHESTER", "CHESTER"],
["CHET", "CHET"],
["CHI", "CHI"],
["CHONG", "CHONG"],
["CHRIS", "CHRIS"],
["CHRIS", "CHRIS"],
["CHRISTA", "CHRISTA"],
["CHRISTI", "CHRISTI"],
["CHRISTIAN", "CHRISTIAN"],
["CHRISTIAN", "CHRISTIAN"],
["CHRISTIE", "CHRISTIE"],
["CHRISTINA", "CHRISTINA"],
["CHRISTINE", "CHRISTINE"],
["CHRISTOPER", "CHRISTOPER"],
["CHRISTOPHER", "CHRISTOPHER"],
["CHRISTY", "CHRISTY"],
["CHRYSTAL", "CHRYSTAL"],
["CHUCK", "CHUCK"],
["CHUNG", "CHUNG"],
["CINDY", "CINDY"],
["CLAIR", "CLAIR"],
["CLAIRE", "CLAIRE"],
["CLARA", "CLARA"],
["CLARE", "CLARE"],
["CLARENCE", "CLARENCE"],
["CLARICE", "CLARICE"],
["CLARISSA", "CLARISSA"],
["CLARK", "CLARK"],
["CLAUD", "CLAUD"],
["CLAUDE", "CLAUDE"],
["CLAUDETTE", "CLAUDETTE"],
["CLAUDIA", "CLAUDIA"],
["CLAUDINE", "CLAUDINE"],
["CLAUDIO", "CLAUDIO"],
["CLAY", "CLAY"],
["CLAYTON", "CLAYTON"],
["CLEMENT", "CLEMENT"],
["CLEMENTE", "CLEMENTE"],
["CLEO", "CLEO"],
["CLEO", "CLEO"],
["CLETUS", "CLETUS"],
["CLEVELAND", "CLEVELAND"],
["CLIFF", "CLIFF"],
["CLIFFORD", "CLIFFORD"],
["CLIFTON", "CLIFTON"],
["CLINT", "CLINT"],
["CLINTON", "CLINTON"],
["CLYDE", "CLYDE"],
["CODY", "CODY"],
["COLBY", "COLBY"],
["COLE", "COLE"],
["COLEEN", "COLEEN"],
["COLEMAN", "COLEMAN"],
["COLETTE", "COLETTE"],
["COLIN", "COLIN"],
["COLLEEN", "COLLEEN"],
["COLLIN", "COLLIN"],
["COLTON", "COLTON"],
["COLUMBUS", "COLUMBUS"],
["CONCEPCION", "CONCEPCION"],
["CONCETTA", "CONCETTA"],
["CONNIE", "CONNIE"],
["CONNIE", "CONNIE"],
["CONRAD", "CONRAD"],
["CONSTANCE", "CONSTANCE"],
["CONSUELO", "CONSUELO"],
["CORA", "CORA"],
["CORDELL", "CORDELL"],
["COREY", "COREY"],
["CORINA", "CORINA"],
["CORINE", "CORINE"],
["CORINNE", "CORINNE"],
["CORNELIA", "CORNELIA"],
["CORNELIUS", "CORNELIUS"],
["CORNELL", "CORNELL"],
["CORRINE", "CORRINE"],
["CORTEZ", "CORTEZ"],
["CORY", "CORY"],
["COURTNEY", "COURTNEY"],
["COURTNEY", "COURTNEY"],
["COY", "COY"],
["CRAIG", "CRAIG"],
["CRISTINA", "CRISTINA"],
["CRISTOBAL", "CRISTOBAL"],
["CRISTOPHER", "CRISTOPHER"],
["CRUZ", "CRUZ"],
["CRYSTAL", "CRYSTAL"],
["CURT", "CURT"],
["CURTIS", "CURTIS"],
["CYNTHIA", "CYNTHIA"],
["CYRIL", "CYRIL"],
["CYRUS", "CYRUS"],
["DAISY", "DAISY"],
["DALE", "DALE"],
["DALE", "DALE"],
["DALLAS", "DALLAS"],
["DALTON", "DALTON"],
["DAMIAN", "DAMIAN"],
["DAMIEN", "DAMIEN"],
["DAMION", "DAMION"],
["DAMON", "DAMON"],
["DAN", "DAN"],
["DANA", "DANA"],
["DANA", "DANA"],
["DANE", "DANE"],
["DANIAL", "DANIAL"],
["DANIEL", "DANIEL"],
["DANIELLE", "DANIELLE"],
["DANILO", "DANILO"],
["DANNIE", "DANNIE"],
["DANNY", "DANNY"],
["DANTE", "DANTE"],
["DAPHNE", "DAPHNE"],
["DARCY", "DARCY"],
["DARELL", "DARELL"],
["DAREN", "DAREN"],
["DARIN", "DARIN"],
["DARIO", "DARIO"],
["DARIUS", "DARIUS"],
["DARLA", "DARLA"],
["DARLENE", "DARLENE"],
["DARNELL", "DARNELL"],
["DARON", "DARON"],
["DARREL", "DARREL"],
["DARRELL", "DARRELL"],
["DARREN", "DARREN"],
["DARRICK", "DARRICK"],
["DARRIN", "DARRIN"],
["DARRON", "DARRON"],
["DARRYL", "DARRYL"],
["DARWIN", "DARWIN"],
["DARYL", "DARYL"],
["DAVE", "DAVE"],
["DAVID", "DAVID"],
["DAVIS", "DAVIS"],
["DAWN", "DAWN"],
["DEAN", "DEAN"],
["DEANA", "DEANA"],
["DEANDRE", "DEANDRE"],
["DEANGELO", "DEANGELO"],
["DEANN", "DEANN"],
["DEANNA", "DEANNA"],
["DEANNE", "DEANNE"],
["DEBBIE", "DEBBIE"],
["DEBORA", "DEBORA"],
["DEBORAH", "DEBORAH"],
["DEBRA", "DEBRA"],
["DEE", "DEE"],
["DEE", "DEE"],
["DEENA", "DEENA"],
["DEIDRE", "DEIDRE"],
["DEIRDRE", "DEIRDRE"],
["DEL", "DEL"],
["DELBERT", "DELBERT"],
["DELIA", "DELIA"],
["DELLA", "DELLA"],
["DELMAR", "DELMAR"],
["DELMER", "DELMER"],
["DELORES", "DELORES"],
["DELORIS", "DELORIS"],
["DEMARCUS", "DEMARCUS"],
["DEMETRIUS", "DEMETRIUS"],
["DENA", "DENA"],
["DENIS", "DENIS"],
["DENISE", "DENISE"],
["DENNIS", "DENNIS"],
["DENNY", "DENNY"],
["DENVER", "DENVER"],
["DEON", "DEON"],
["DEREK", "DEREK"],
["DERICK", "DERICK"],
["DERRICK", "DERRICK"],
["DESHAWN", "DESHAWN"],
["DESIREE", "DESIREE"],
["DESMOND", "DESMOND"],
["DEVIN", "DEVIN"],
["DEVON", "DEVON"],
["DEWAYNE", "DEWAYNE"],
["DEWEY", "DEWEY"],
["DEWITT", "DEWITT"],
["DEXTER", "DEXTER"],
["DIANA", "DIANA"],
["DIANE", "DIANE"],
["DIANN", "DIANN"],
["DIANNA", "DIANNA"],
["DIANNE", "DIANNE"],
["DICK", "DICK"],
["DIEGO", "DIEGO"],
["DILLON", "DILLON"],
["DINA", "DINA"],
["DINO", "DINO"],
["DION", "DION"],
["DIONNE", "DIONNE"],
["DIRK", "DIRK"],
["DIXIE", "DIXIE"],
["DOLLIE", "DOLLIE"],
["DOLLY", "DOLLY"],
["DOLORES", "DOLORES"],
["DOMENIC", "DOMENIC"],
["DOMINGO", "DOMINGO"],
["DOMINIC", "DOMINIC"],
["DOMINICK", "DOMINICK"],
["DOMINIQUE", "DOMINIQUE"],
["DOMINIQUE", "DOMINIQUE"],
["DON", "DON"],
["DONA", "DONA"],
["DONALD", "DONALD"],
["DONG", "DONG"],
["DONN", "DONN"],
["DONNA", "DONNA"],
["DONNELL", "DONNELL"],
["DONNIE", "DONNIE"],
["DONNY", "DONNY"],
["DONOVAN", "DONOVAN"],
["DONTE", "DONTE"],
["DORA", "DORA"],
["DOREEN", "DOREEN"],
["DORIAN", "DORIAN"],
["DORIS", "DORIS"],
["DOROTHEA", "DOROTHEA"],
["DOROTHY", "DOROTHY"],
["DORSEY", "DORSEY"],
["DORTHY", "DORTHY"],
["DOUG", "DOUG"],
["DOUGLAS", "DOUGLAS"],
["DOUGLASS", "DOUGLASS"],
["DOYLE", "DOYLE"],
["DREW", "DREW"],
["DUANE", "DUANE"],
["DUDLEY", "DUDLEY"],
["DUNCAN", "DUNCAN"],
["DUSTIN", "DUSTIN"],
["DUSTY", "DUSTY"],
["DWAIN", "DWAIN"],
["DWAYNE", "DWAYNE"],
["DWIGHT", "DWIGHT"],
["DYLAN", "DYLAN"],
["EARL", "EARL"],
["EARLE", "EARLE"],
["EARLENE", "EARLENE"],
["EARLINE", "EARLINE"],
["EARNEST", "EARNEST"],
["EARNESTINE", "EARNESTINE"],
["EBONY", "EBONY"],
["ED", "ED"],
["EDDIE", "EDDIE"],
["EDDIE", "EDDIE"],
["EDDY", "EDDY"],
["EDGAR", "EDGAR"],
["EDGARDO", "EDGARDO"],
["EDISON", "EDISON"],
["EDITH", "EDITH"],
["EDMOND", "EDMOND"],
["EDMUND", "EDMUND"],
["EDMUNDO", "EDMUNDO"],
["EDNA", "EDNA"],
["EDUARDO", "EDUARDO"],
["EDWARD", "EDWARD"],
["EDWARDO", "EDWARDO"],
["EDWIN", "EDWIN"],
["EDWINA", "EDWINA"],
["EFFIE", "EFFIE"],
["EFRAIN", "EFRAIN"],
["EFREN", "EFREN"],
["EILEEN", "EILEEN"],
["ELAINE", "ELAINE"],
["ELBA", "ELBA"],
["ELBERT", "ELBERT"],
["ELDEN", "ELDEN"],
["ELDON", "ELDON"],
["ELDRIDGE", "ELDRIDGE"],
["ELEANOR", "ELEANOR"],
["ELENA", "ELENA"],
["ELI", "ELI"],
["ELIAS", "ELIAS"],
["ELIJAH", "ELIJAH"],
["ELINOR", "ELINOR"],
["ELISA", "ELISA"],
["ELISABETH", "ELISABETH"],
["ELISE", "ELISE"],
["ELISEO", "ELISEO"],
["ELISHA", "ELISHA"],
["ELIZA", "ELIZA"],
["ELIZABETH", "ELIZABETH"],
["ELLA", "ELLA"],
["ELLEN", "ELLEN"],
["ELLIOT", "ELLIOT"],
["ELLIOTT", "ELLIOTT"],
["ELLIS", "ELLIS"],
["ELLSWORTH", "ELLSWORTH"],
["ELMA", "ELMA"],
["ELMER", "ELMER"],
["ELMO", "ELMO"],
["ELNORA", "ELNORA"],
["ELOISE", "ELOISE"],
["ELOY", "ELOY"],
["ELROY", "ELROY"],
["ELSA", "ELSA"],
["ELSIE", "ELSIE"],
["ELTON", "ELTON"],
["ELVA", "ELVA"],
["ELVIA", "ELVIA"],
["ELVIN", "ELVIN"],
["ELVIRA", "ELVIRA"],
["ELVIS", "ELVIS"],
["ELWOOD", "ELWOOD"],
["EMANUEL", "EMANUEL"],
["EMERSON", "EMERSON"],
["EMERY", "EMERY"],
["EMIL", "EMIL"],
["EMILE", "EMILE"],
["EMILIA", "EMILIA"],
["EMILIO", "EMILIO"],
["EMILY", "EMILY"],
["EMMA", "EMMA"],
["EMMANUEL", "EMMANUEL"],
["EMMETT", "EMMETT"],
["EMMITT", "EMMITT"],
["EMORY", "EMORY"],
["ENID", "ENID"],
["ENOCH", "ENOCH"],
["ENRIQUE", "ENRIQUE"],
["ERASMO", "ERASMO"],
["ERIC", "ERIC"],
["ERICA", "ERICA"],
["ERICH", "ERICH"],
["ERICK", "ERICK"],
["ERICKA", "ERICKA"],
["ERIK", "ERIK"],
["ERIKA", "ERIKA"],
["ERIN", "ERIN"],
["ERIN", "ERIN"],
["ERMA", "ERMA"],
["ERNA", "ERNA"],
["ERNEST", "ERNEST"],
["ERNESTINE", "ERNESTINE"],
["ERNESTO", "ERNESTO"],
["ERNIE", "ERNIE"],
["ERROL", "ERROL"],
["ERVIN", "ERVIN"],
["ERWIN", "ERWIN"],
["ESMERALDA", "ESMERALDA"],
["ESPERANZA", "ESPERANZA"],
["ESSIE", "ESSIE"],
["ESTEBAN", "ESTEBAN"],
["ESTELA", "ESTELA"],
["ESTELLA", "ESTELLA"],
["ESTELLE", "ESTELLE"],
["ESTER", "ESTER"],
["ESTHER", "ESTHER"],
["ETHAN", "ETHAN"],
["ETHEL", "ETHEL"],
["ETTA", "ETTA"],
["EUGENE", "EUGENE"],
["EUGENIA", "EUGENIA"],
["EUGENIO", "EUGENIO"],
["EULA", "EULA"],
["EUNICE", "EUNICE"],
["EUSEBIO", "EUSEBIO"],
["EVA", "EVA"],
["EVAN", "EVAN"],
["EVANGELINA", "EVANGELINA"],
["EVANGELINE", "EVANGELINE"],
["EVE", "EVE"],
["EVELYN", "EVELYN"],
["EVERETT", "EVERETT"],
["EVERETTE", "EVERETTE"],
["EZEKIEL", "EZEKIEL"],
["EZEQUIEL", "EZEQUIEL"],
["EZRA", "EZRA"],
["FABIAN", "FABIAN"],
["FAITH", "FAITH"],
["FANNIE", "FANNIE"],
["FANNY", "FANNY"],
["FAUSTINO", "FAUSTINO"],
["FAUSTO", "FAUSTO"],
["FAY", "FAY"],
["FAYE", "FAYE"],
["FEDERICO", "FEDERICO"],
["FELECIA", "FELECIA"],
["FELICIA", "FELICIA"],
["FELIPE", "FELIPE"],
["FELIX", "FELIX"],
["FELTON", "FELTON"],
["FERDINAND", "FERDINAND"],
["FERMIN", "FERMIN"],
["FERN", "FERN"],
["FERNANDO", "FERNANDO"],
["FIDEL", "FIDEL"],
["FILIBERTO", "FILIBERTO"],
["FLETCHER", "FLETCHER"],
["FLORA", "FLORA"],
["FLORENCE", "FLORENCE"],
["FLORENCIO", "FLORENCIO"],
["FLORENTINO", "FLORENTINO"],
["FLORINE", "FLORINE"],
["FLOSSIE", "FLOSSIE"],
["FLOYD", "FLOYD"],
["FOREST", "FOREST"],
["FORREST", "FORREST"],
["FOSTER", "FOSTER"],
["FRAN", "FRAN"],
["FRANCES", "FRANCES"],
["FRANCES", "FRANCES"],
["FRANCESCA", "FRANCESCA"],
["FRANCESCO", "FRANCESCO"],
["FRANCINE", "FRANCINE"],
["FRANCIS", "FRANCIS"],
["FRANCIS", "FRANCIS"],
["FRANCISCA", "FRANCISCA"],
["FRANCISCO", "FRANCISCO"],
["FRANK", "FRANK"],
["FRANKIE", "FRANKIE"],
["FRANKIE", "FRANKIE"],
["FRANKLIN", "FRANKLIN"],
["FRANKLYN", "FRANKLYN"],
["FRED", "FRED"],
["FREDA", "FREDA"],
["FREDDIE", "FREDDIE"],
["FREDDY", "FREDDY"],
["FREDERIC", "FREDERIC"],
["FREDERICK", "FREDERICK"],
["FREDRIC", "FREDRIC"],
["FREDRICK", "FREDRICK"],
["FREEMAN", "FREEMAN"],
["FREIDA", "FREIDA"],
["FRIEDA", "FRIEDA"],
["FRITZ", "FRITZ"],
["GABRIEL", "GABRIEL"],
["GABRIELA", "GABRIELA"],
["GABRIELLE", "GABRIELLE"],
["GAIL", "GAIL"],
["GAIL", "GAIL"],
["GALE", "GALE"],
["GALE", "GALE"],
["GALEN", "GALEN"],
["GARFIELD", "GARFIELD"],
["GARLAND", "GARLAND"],
["GARRET", "GARRET"],
["GARRETT", "GARRETT"],
["GARRY", "GARRY"],
["GARTH", "GARTH"],
["GARY", "GARY"],
["GASTON", "GASTON"],
["GAVIN", "GAVIN"],
["GAY", "GAY"],
["GAYLE", "GAYLE"],
["GAYLE", "GAYLE"],
["GAYLORD", "GAYLORD"],
["GENA", "GENA"],
["GENARO", "GENARO"],
["GENE", "GENE"],
["GENEVA", "GENEVA"],
["GENEVIEVE", "GENEVIEVE"],
["GEOFFREY", "GEOFFREY"],
["GEORGE", "GEORGE"],
["GEORGETTE", "GEORGETTE"],
["GEORGIA", "GEORGIA"],
["GEORGINA", "GEORGINA"],
["GERALD", "GERALD"],
["GERALDINE", "GERALDINE"],
["GERALDO", "GERALDO"],
["GERARD", "GERARD"],
["GERARDO", "GERARDO"],
["GERMAN", "GERMAN"],
["GERRY", "GERRY"],
["GERTRUDE", "GERTRUDE"],
["GIL", "GIL"],
["GILBERT", "GILBERT"],
["GILBERTO", "GILBERTO"],
["GILDA", "GILDA"],
["GINA", "GINA"],
["GINGER", "GINGER"],
["GINO", "GINO"],
["GIOVANNI", "GIOVANNI"],
["GIUSEPPE", "GIUSEPPE"],
["GLADYS", "GLADYS"],
["GLEN", "GLEN"],
["GLENDA", "GLENDA"],
["GLENN", "GLENN"],
["GLENNA", "GLENNA"],
["GLORIA", "GLORIA"],
["GOLDIE", "GOLDIE"],
["GONZALO", "GONZALO"],
["GORDON", "GORDON"],
["GRACE", "GRACE"],
["GRACIE", "GRACIE"],
["GRACIELA", "GRACIELA"],
["GRADY", "GRADY"],
["GRAHAM", "GRAHAM"],
["GRAIG", "GRAIG"],
["GRANT", "GRANT"],
["GRANVILLE", "GRANVILLE"],
["GREG", "GREG"],
["GREGG", "GREGG"],
["GREGORIO", "GREGORIO"],
["GREGORY", "GREGORY"],
["GRETA", "GRETA"],
["GRETCHEN", "GRETCHEN"],
["GROVER", "GROVER"],
["GUADALUPE", "GUADALUPE"],
["GUADALUPE", "GUADALUPE"],
["GUILLERMO", "GUILLERMO"],
["GUS", "GUS"],
["GUSTAVO", "GUSTAVO"],
["GUY", "GUY"],
["GWEN", "GWEN"],
["GWENDOLYN", "GWENDOLYN"],
["HAI", "HAI"],
["HAL", "HAL"],
["HALEY", "HALEY"],
["HALLIE", "HALLIE"],
["HANK", "HANK"],
["HANNAH", "HANNAH"],
["HANS", "HANS"],
["HARLAN", "HARLAN"],
["HARLAND", "HARLAND"],
["HARLEY", "HARLEY"],
["HAROLD", "HAROLD"],
["HARRIET", "HARRIET"],
["HARRIETT", "HARRIETT"],
["HARRIS", "HARRIS"],
["HARRISON", "HARRISON"],
["HARRY", "HARRY"],
["HARVEY", "HARVEY"],
["HASSAN", "HASSAN"],
["HATTIE", "HATTIE"],
["HAYDEN", "HAYDEN"],
["HAYWOOD", "HAYWOOD"],
["HAZEL", "HAZEL"],
["HEATH", "HEATH"],
["HEATHER", "HEATHER"],
["HECTOR", "HECTOR"],
["HEIDI", "HEIDI"],
["HELEN", "HELEN"],
["HELENA", "HELENA"],
["HELENE", "HELENE"],
["HELGA", "HELGA"],
["HENRIETTA", "HENRIETTA"],
["HENRY", "HENRY"],
["HERB", "HERB"],
["HERBERT", "HERBERT"],
["HERIBERTO", "HERIBERTO"],
["HERMAN", "HERMAN"],
["HERMINIA", "HERMINIA"],
["HERSCHEL", "HERSCHEL"],
["HERSHEL", "HERSHEL"],
["HESTER", "HESTER"],
["HILARIO", "HILARIO"],
["HILARY", "HILARY"],
["HILDA", "HILDA"],
["HILLARY", "HILLARY"],
["HILTON", "HILTON"],
["HIPOLITO", "HIPOLITO"],
["HIRAM", "HIRAM"],
["HOBERT", "HOBERT"],
["HOLLIE", "HOLLIE"],
["HOLLIS", "HOLLIS"],
["HOLLY", "HOLLY"],
["HOMER", "HOMER"],
["HONG", "HONG"],
["HOPE", "HOPE"],
["HORACE", "HORACE"],
["HORACIO", "HORACIO"],
["HOSEA", "HOSEA"],
["HOUSTON", "HOUSTON"],
["HOWARD", "HOWARD"],
["HOYT", "HOYT"],
["HUBERT", "HUBERT"],
["HUEY", "HUEY"],
["HUGH", "HUGH"],
["HUGO", "HUGO"],
["HUMBERTO", "HUMBERTO"],
["HUNG", "HUNG"],
["HUNTER", "HUNTER"],
["HYMAN", "HYMAN"],
["IAN", "IAN"],
["IDA", "IDA"],
["IGNACIO", "IGNACIO"],
["IKE", "IKE"],
["ILA", "ILA"],
["ILENE", "ILENE"],
["IMELDA", "IMELDA"],
["IMOGENE", "IMOGENE"],
["INA", "INA"],
["INES", "INES"],
["INEZ", "INEZ"],
["INGRID", "INGRID"],
["IRA", "IRA"],
["IRENE", "IRENE"],
["IRIS", "IRIS"],
["IRMA", "IRMA"],
["IRVIN", "IRVIN"],
["IRVING", "IRVING"],
["IRWIN", "IRWIN"],
["ISAAC", "ISAAC"],
["ISABEL", "ISABEL"],
["ISABELLA", "ISABELLA"],
["ISABELLE", "ISABELLE"],
["ISAIAH", "ISAIAH"],
["ISAIAS", "ISAIAS"],
["ISIAH", "ISIAH"],
["ISIDRO", "ISIDRO"],
["ISMAEL", "ISMAEL"],
["ISRAEL", "ISRAEL"],
["ISREAL", "ISREAL"],
["ISSAC", "ISSAC"],
["IVA", "IVA"],
["IVAN", "IVAN"],
["IVORY", "IVORY"],
["IVY", "IVY"],
["JACINTO", "JACINTO"],
["JACK", "JACK"],
["JACKIE", "JACKIE"],
["JACKIE", "JACKIE"],
["JACKLYN", "JACKLYN"],
["JACKSON", "JACKSON"],
["JACLYN", "JACLYN"],
["JACOB", "JACOB"],
["JACQUELINE", "JACQUELINE"],
["JACQUELYN", "JACQUELYN"],
["JACQUES", "JACQUES"],
["JAE", "JAE"],
["JAIME", "JAIME"],
["JAIME", "JAIME"],
["JAKE", "JAKE"],
["JAMAAL", "JAMAAL"],
["JAMAL", "JAMAL"],
["JAMAR", "JAMAR"],
["JAME", "JAME"],
["JAMEL", "JAMEL"],
["JAMES", "JAMES"],
["JAMES", "JAMES"],
["JAMEY", "JAMEY"],
["JAMI", "JAMI"],
["JAMIE", "JAMIE"],
["JAMIE", "JAMIE"],
["JAMISON", "JAMISON"],
["JAN", "JAN"],
["JAN", "JAN"],
["JANA", "JANA"],
["JANE", "JANE"],
["JANELL", "JANELL"],
["JANELLE", "JANELLE"],
["JANET", "JANET"],
["JANETTE", "JANETTE"],
["JANICE", "JANICE"],
["JANIE", "JANIE"],
["JANINE", "JANINE"],
["JANIS", "JANIS"],
["JANNA", "JANNA"],
["JANNIE", "JANNIE"],
["JARED", "JARED"],
["JAROD", "JAROD"],
["JARRED", "JARRED"],
["JARRETT", "JARRETT"],
["JARROD", "JARROD"],
["JARVIS", "JARVIS"],
["JASMINE", "JASMINE"],
["JASON", "JASON"],
["JASPER", "JASPER"],
["JAVIER", "JAVIER"],
["JAY", "JAY"],
["JAYNE", "JAYNE"],
["JAYSON", "JAYSON"],
["JC", "JC"],
["JEAN", "JEAN"],
["JEAN", "JEAN"],
["JEANETTE", "JEANETTE"],
["JEANIE", "JEANIE"],
["JEANINE", "JEANINE"],
["JEANNE", "JEANNE"],
["JEANNETTE", "JEANNETTE"],
["JEANNIE", "JEANNIE"],
["JEANNINE", "JEANNINE"],
["JED", "JED"],
["JEFF", "JEFF"],
["JEFFEREY", "JEFFEREY"],
["JEFFERSON", "JEFFERSON"],
["JEFFERY", "JEFFERY"],
["JEFFREY", "JEFFREY"],
["JEFFRY", "JEFFRY"],
["JENIFER", "JENIFER"],
["JENNA", "JENNA"],
["JENNIE", "JENNIE"],
["JENNIFER", "JENNIFER"],
["JENNY", "JENNY"],
["JERALD", "JERALD"],
["JERAMY", "JERAMY"],
["JERE", "JERE"],
["JEREMIAH", "JEREMIAH"],
["JEREMY", "JEREMY"],
["JERI", "JERI"],
["JERMAINE", "JERMAINE"],
["JEROLD", "JEROLD"],
["JEROME", "JEROME"],
["JEROMY", "JEROMY"],
["JERRELL", "JERRELL"],
["JERRI", "JERRI"],
["JERROD", "JERROD"],
["JERROLD", "JERROLD"],
["JERRY", "JERRY"],
["JERRY", "JERRY"],
["JESS", "JESS"],
["JESSE", "JESSE"],
["JESSICA", "JESSICA"],
["JESSIE", "JESSIE"],
["JESSIE", "JESSIE"],
["JESUS", "JESUS"],
["JEWEL", "JEWEL"],
["JEWEL", "JEWEL"],
["JEWELL", "JEWELL"],
["JEWELL", "JEWELL"],
["JILL", "JILL"],
["JILLIAN", "JILLIAN"],
["JIM", "JIM"],
["JIMMIE", "JIMMIE"],
["JIMMIE", "JIMMIE"],
["JIMMY", "JIMMY"],
["JO", "JO"],
["JOAN", "JOAN"],
["JOAN", "JOAN"],
["JOANN", "JOANN"],
["JOANNA", "JOANNA"],
["JOANNE", "JOANNE"],
["JOAQUIN", "JOAQUIN"],
["JOCELYN", "JOCELYN"],
["JODI", "JODI"],
["JODIE", "JODIE"],
["JODY", "JODY"],
["JODY", "JODY"],
["JOE", "JOE"],
["JOEL", "JOEL"],
["JOESPH", "JOESPH"],
["JOEY", "JOEY"],
["JOHANNA", "JOHANNA"],
["JOHN", "JOHN"],
["JOHN", "JOHN"],
["JOHNATHAN", "JOHNATHAN"],
["JOHNATHON", "JOHNATHON"],
["JOHNIE", "JOHNIE"],
["JOHNNIE", "JOHNNIE"],
["JOHNNIE", "JOHNNIE"],
["JOHNNY", "JOHNNY"],
["JOHNSON", "JOHNSON"],
["JOLENE", "JOLENE"],
["JON", "JON"],
["JONAH", "JONAH"],
["JONAS", "JONAS"],
["JONATHAN", "JONATHAN"],
["JONATHON", "JONATHON"],
["JONI", "JONI"],
["JORDAN", "JORDAN"],
["JORDAN", "JORDAN"],
["JORDON", "JORDON"],
["JORGE", "JORGE"],
["JOSE", "JOSE"],
["JOSEF", "JOSEF"],
["JOSEFA", "JOSEFA"],
["JOSEFINA", "JOSEFINA"],
["JOSEPH", "JOSEPH"],
["JOSEPHINE", "JOSEPHINE"],
["JOSH", "JOSH"],
["JOSHUA", "JOSHUA"],
["JOSIAH", "JOSIAH"],
["JOSIE", "JOSIE"],
["JOSPEH", "JOSPEH"],
["JOSUE", "JOSUE"],
["JOY", "JOY"],
["JOYCE", "JOYCE"],
["JUAN", "JUAN"],
["JUANA", "JUANA"],
["JUANITA", "JUANITA"],
["JUDE", "JUDE"],
["JUDITH", "JUDITH"],
["JUDSON", "JUDSON"],
["JUDY", "JUDY"],
["JULES", "JULES"],
["JULIA", "JULIA"],
["JULIAN", "JULIAN"],
["JULIANA", "JULIANA"],
["JULIANNE", "JULIANNE"],
["JULIE", "JULIE"],
["JULIET", "JULIET"],
["JULIETTE", "JULIETTE"],
["JULIO", "JULIO"],
["JULIUS", "JULIUS"],
["JUNE", "JUNE"],
["JUNIOR", "JUNIOR"],
["JUSTIN", "JUSTIN"],
["JUSTINE", "JUSTINE"],
["KAITLIN", "KAITLIN"],
["KARA", "KARA"],
["KAREEM", "KAREEM"],
["KAREN", "KAREN"],
["KARI", "KARI"],
["KARIN", "KARIN"],
["KARINA", "KARINA"],
["KARL", "KARL"],
["KARLA", "KARLA"],
["KARYN", "KARYN"],
["KASEY", "KASEY"],
["KASEY", "KASEY"],
["KATE", "KATE"],
["KATELYN", "KATELYN"],
["KATHARINE", "KATHARINE"],
["KATHERINE", "KATHERINE"],
["KATHERYN", "KATHERYN"],
["KATHIE", "KATHIE"],
["KATHLEEN", "KATHLEEN"],
["KATHRINE", "KATHRINE"],
["KATHRYN", "KATHRYN"],
["KATHY", "KATHY"],
["KATIE", "KATIE"],
["KATINA", "KATINA"],
["KATRINA", "KATRINA"],
["KATY", "KATY"],
["KAY", "KAY"],
["KAYE", "KAYE"],
["KAYLA", "KAYLA"],
["KEENAN", "KEENAN"],
["KEISHA", "KEISHA"],
["KEITH", "KEITH"],
["KELLEY", "KELLEY"],
["KELLEY", "KELLEY"],
["KELLI", "KELLI"],
["KELLIE", "KELLIE"],
["KELLY", "KELLY"],
["KELLY", "KELLY"],
["KELSEY", "KELSEY"],
["KELVIN", "KELVIN"],
["KEN", "KEN"],
["KENDALL", "KENDALL"],
["KENDRA", "KENDRA"],
["KENDRICK", "KENDRICK"],
["KENETH", "KENETH"],
["KENNETH", "KENNETH"],
["KENNITH", "KENNITH"],
["KENNY", "KENNY"],
["KENT", "KENT"],
["KENTON", "KENTON"],
["KENYA", "KENYA"],
["KERI", "KERI"],
["KERMIT", "KERMIT"],
["KERRI", "KERRI"],
["KERRY", "KERRY"],
["KERRY", "KERRY"],
["KEVEN", "KEVEN"],
["KEVIN", "KEVIN"],
["KIETH", "KIETH"],
["KIM", "KIM"],
["KIM", "KIM"],
["KIMBERLEY", "KIMBERLEY"],
["KIMBERLY", "KIMBERLY"],
["KING", "KING"],
["KIP", "KIP"],
["KIRBY", "KIRBY"],
["KIRK", "KIRK"],
["KIRSTEN", "KIRSTEN"],
["KITTY", "KITTY"],
["KOREY", "KOREY"],
["KORY", "KORY"],
["KRAIG", "KRAIG"],
["KRIS", "KRIS"],
["KRIS", "KRIS"],
["KRISTA", "KRISTA"],
["KRISTEN", "KRISTEN"],
["KRISTI", "KRISTI"],
["KRISTIE", "KRISTIE"],
["KRISTIN", "KRISTIN"],
["KRISTINA", "KRISTINA"],
["KRISTINE", "KRISTINE"],
["KRISTOFER", "KRISTOFER"],
["KRISTOPHER", "KRISTOPHER"],
["KRISTY", "KRISTY"],
["KRYSTAL", "KRYSTAL"],
["KURT", "KURT"],
["KURTIS", "KURTIS"],
["KYLE", "KYLE"],
["LACEY", "LACEY"],
["LACY", "LACY"],
["LACY", "LACY"],
["LADONNA", "LADONNA"],
["LAKEISHA", "LAKEISHA"],
["LAKISHA", "LAKISHA"],
["LAMAR", "LAMAR"],
["LAMONT", "LAMONT"],
["LANA", "LANA"],
["LANCE", "LANCE"],
["LANDON", "LANDON"],
["LANE", "LANE"],
["LANNY", "LANNY"],
["LARA", "LARA"],
["LARRY", "LARRY"],
["LATASHA", "LATASHA"],
["LATISHA", "LATISHA"],
["LATONYA", "LATONYA"],
["LATOYA", "LATOYA"],
["LAURA", "LAURA"],
["LAUREL", "LAUREL"],
["LAUREN", "LAUREN"],
["LAUREN", "LAUREN"],
["LAURENCE", "LAURENCE"],
["LAURI", "LAURI"],
["LAURIE", "LAURIE"],
["LAVERN", "LAVERN"],
["LAVERNE", "LAVERNE"],
["LAVERNE", "LAVERNE"],
["LAVONNE", "LAVONNE"],
["LAWANDA", "LAWANDA"],
["LAWERENCE", "LAWERENCE"],
["LAWRENCE", "LAWRENCE"],
["LAZARO", "LAZARO"],
["LEA", "LEA"],
["LEAH", "LEAH"],
["LEANDRO", "LEANDRO"],
["LEANN", "LEANN"],
["LEANNA", "LEANNA"],
["LEANNE", "LEANNE"],
["LEE", "LEE"],
["LEE", "LEE"],
["LEIF", "LEIF"],
["LEIGH", "LEIGH"],
["LEIGH", "LEIGH"],
["LEILA", "LEILA"],
["LELA", "LELA"],
["LELAND", "LELAND"],
["LELIA", "LELIA"],
["LEMUEL", "LEMUEL"],
["LEN", "LEN"],
["LENA", "LENA"],
["LENARD", "LENARD"],
["LENNY", "LENNY"],
["LENORA", "LENORA"],
["LENORE", "LENORE"],
["LEO", "LEO"],
["LEOLA", "LEOLA"],
["LEON", "LEON"],
["LEONA", "LEONA"],
["LEONARD", "LEONARD"],
["LEONARDO", "LEONARDO"],
["LEONEL", "LEONEL"],
["LEONOR", "LEONOR"],
["LEOPOLDO", "LEOPOLDO"],
["LEROY", "LEROY"],
["LES", "LES"],
["LESA", "LESA"],
["LESLEY", "LESLEY"],
["LESLEY", "LESLEY"],
["LESLIE", "LESLIE"],
["LESLIE", "LESLIE"],
["LESSIE", "LESSIE"],
["LESTER", "LESTER"],
["LETA", "LETA"],
["LETHA", "LETHA"],
["LETICIA", "LETICIA"],
["LETITIA", "LETITIA"],
["LEVI", "LEVI"],
["LEWIS", "LEWIS"],
["LIDIA", "LIDIA"],
["LILA", "LILA"],
["LILIA", "LILIA"],
["LILIAN", "LILIAN"],
["LILIANA", "LILIANA"],
["LILLIAN", "LILLIAN"],
["LILLIE", "LILLIE"],
["LILLY", "LILLY"],
["LILY", "LILY"],
["LINA", "LINA"],
["LINCOLN", "LINCOLN"],
["LINDA", "LINDA"],
["LINDSAY", "LINDSAY"],
["LINDSAY", "LINDSAY"],
["LINDSEY", "LINDSEY"],
["LINDSEY", "LINDSEY"],
["LINO", "LINO"],
["LINWOOD", "LINWOOD"],
["LIONEL", "LIONEL"],
["LISA", "LISA"],
["LIZ", "LIZ"],
["LIZA", "LIZA"],
["LIZZIE", "LIZZIE"],
["LLOYD", "LLOYD"],
["LOGAN", "LOGAN"],
["LOIS", "LOIS"],
["LOLA", "LOLA"],
["LOLITA", "LOLITA"],
["LON", "LON"],
["LONG", "LONG"],
["LONNIE", "LONNIE"],
["LONNY", "LONNY"],
["LORA", "LORA"],
["LORAINE", "LORAINE"],
["LOREN", "LOREN"],
["LORENA", "LORENA"],
["LORENE", "LORENE"],
["LORENZO", "LORENZO"],
["LORETTA", "LORETTA"],
["LORI", "LORI"],
["LORIE", "LORIE"],
["LORNA", "LORNA"],
["LORRAINE", "LORRAINE"],
["LORRIE", "LORRIE"],
["LOTTIE", "LOTTIE"],
["LOU", "LOU"],
["LOU", "LOU"],
["LOUELLA", "LOUELLA"],
["LOUIE", "LOUIE"],
["LOUIS", "LOUIS"],
["LOUISA", "LOUISA"],
["LOUISE", "LOUISE"],
["LOURDES", "LOURDES"],
["LOWELL", "LOWELL"],
["LOYD", "LOYD"],
["LUANN", "LUANN"],
["LUCAS", "LUCAS"],
["LUCIA", "LUCIA"],
["LUCIANO", "LUCIANO"],
["LUCIEN", "LUCIEN"],
["LUCILE", "LUCILE"],
["LUCILLE", "LUCILLE"],
["LUCINDA", "LUCINDA"],
["LUCIO", "LUCIO"],
["LUCIUS", "LUCIUS"],
["LUCY", "LUCY"],
["LUELLA", "LUELLA"],
["LUIGI", "LUIGI"],
["LUIS", "LUIS"],
["LUISA", "LUISA"],
["LUKE", "LUKE"],
["LULA", "LULA"],
["LUPE", "LUPE"],
["LUPE", "LUPE"],
["LUTHER", "LUTHER"],
["LUZ", "LUZ"],
["LYDIA", "LYDIA"],
["LYLE", "LYLE"],
["LYMAN", "LYMAN"],
["LYNDA", "LYNDA"],
["LYNDON", "LYNDON"],
["LYNETTE", "LYNETTE"],
["LYNN", "LYNN"],
["LYNN", "LYNN"],
["LYNNE", "LYNNE"],
["LYNNETTE", "LYNNETTE"],
["LYNWOOD", "LYNWOOD"],
["MABEL", "MABEL"],
["MABLE", "MABLE"],
["MAC", "MAC"],
["MACK", "MACK"],
["MADELEINE", "MADELEINE"],
["MADELINE", "MADELINE"],
["MADELYN", "MADELYN"],
["MADGE", "MADGE"],
["MAE", "MAE"],
["MAGDALENA", "MAGDALENA"],
["MAGGIE", "MAGGIE"],
["MAI", "MAI"],
["MAJOR", "MAJOR"],
["MALCOLM", "MALCOLM"],
["MALCOM", "MALCOM"],
["MALIK", "MALIK"],
["MALINDA", "MALINDA"],
["MALLORY", "MALLORY"],
["MAMIE", "MAMIE"],
["MAN", "MAN"],
["MANDY", "MANDY"],
["MANUAL", "MANUAL"],
["MANUEL", "MANUEL"],
["MANUELA", "MANUELA"],
["MARA", "MARA"],
["MARC", "MARC"],
["MARCEL", "MARCEL"],
["MARCELINO", "MARCELINO"],
["MARCELLA", "MARCELLA"],
["MARCELLUS", "MARCELLUS"],
["MARCELO", "MARCELO"],
["MARCI", "MARCI"],
["MARCIA", "MARCIA"],
["MARCIE", "MARCIE"],
["MARCO", "MARCO"],
["MARCOS", "MARCOS"],
["MARCUS", "MARCUS"],
["MARCY", "MARCY"],
["MARGARET", "MARGARET"],
["MARGARITA", "MARGARITA"],
["MARGARITO", "MARGARITO"],
["MARGERY", "MARGERY"],
["MARGIE", "MARGIE"],
["MARGO", "MARGO"],
["MARGRET", "MARGRET"],
["MARGUERITE", "MARGUERITE"],
["MARI", "MARI"],
["MARIA", "MARIA"],
["MARIA", "MARIA"],
["MARIAN", "MARIAN"],
["MARIANA", "MARIANA"],
["MARIANNE", "MARIANNE"],
["MARIANO", "MARIANO"],
["MARIBEL", "MARIBEL"],
["MARICELA", "MARICELA"],
["MARIE", "MARIE"],
["MARIETTA", "MARIETTA"],
["MARILYN", "MARILYN"],
["MARINA", "MARINA"],
["MARIO", "MARIO"],
["MARION", "MARION"],
["MARION", "MARION"],
["MARISA", "MARISA"],
["MARISOL", "MARISOL"],
["MARISSA", "MARISSA"],
["MARITZA", "MARITZA"],
["MARJORIE", "MARJORIE"],
["MARK", "MARK"],
["MARKUS", "MARKUS"],
["MARLA", "MARLA"],
["MARLENE", "MARLENE"],
["MARLIN", "MARLIN"],
["MARLON", "MARLON"],
["MARQUIS", "MARQUIS"],
["MARQUITA", "MARQUITA"],
["MARSHA", "MARSHA"],
["MARSHALL", "MARSHALL"],
["MARTA", "MARTA"],
["MARTHA", "MARTHA"],
["MARTIN", "MARTIN"],
["MARTINA", "MARTINA"],
["MARTY", "MARTY"],
["MARVA", "MARVA"],
["MARVIN", "MARVIN"],
["MARY", "MARY"],
["MARY", "MARY"],
["MARYANN", "MARYANN"],
["MARYANNE", "MARYANNE"],
["MARYELLEN", "MARYELLEN"],
["MARYLOU", "MARYLOU"],
["MASON", "MASON"],
["MATHEW", "MATHEW"],
["MATILDA", "MATILDA"],
["MATT", "MATT"],
["MATTHEW", "MATTHEW"],
["MATTIE", "MATTIE"],
["MAUDE", "MAUDE"],
["MAURA", "MAURA"],
["MAUREEN", "MAUREEN"],
["MAURICE", "MAURICE"],
["MAURICIO", "MAURICIO"],
["MAURO", "MAURO"],
["MAVIS", "MAVIS"],
["MAX", "MAX"],
["MAXIMO", "MAXIMO"],
["MAXINE", "MAXINE"],
["MAXWELL", "MAXWELL"],
["MAY", "MAY"],
["MAYNARD", "MAYNARD"],
["MAYRA", "MAYRA"],
["MCKINLEY", "MCKINLEY"],
["MEAGAN", "MEAGAN"],
["MEGAN", "MEGAN"],
["MEGHAN", "MEGHAN"],
["MEL", "MEL"],
["MELANIE", "MELANIE"],
["MELBA", "MELBA"],
["MELINDA", "MELINDA"],
["MELISA", "MELISA"],
["MELISSA", "MELISSA"],
["MELODY", "MELODY"],
["MELVA", "MELVA"],
["MELVIN", "MELVIN"],
["MERCEDES", "MERCEDES"],
["MEREDITH", "MEREDITH"],
["MERLE", "MERLE"],
["MERLE", "MERLE"],
["MERLIN", "MERLIN"],
["MERRILL", "MERRILL"],
["MERVIN", "MERVIN"],
["MIA", "MIA"],
["MICAH", "MICAH"],
["MICHAEL", "MICHAEL"],
["MICHAEL", "MICHAEL"],
["MICHAL", "MICHAL"],
["MICHALE", "MICHALE"],
["MICHEAL", "MICHEAL"],
["MICHEL", "MICHEL"],
["MICHELE", "MICHELE"],
["MICHELLE", "MICHELLE"],
["MICKEY", "MICKEY"],
["MIGUEL", "MIGUEL"],
["MIKE", "MIKE"],
["MIKEL", "MIKEL"],
["MILAGROS", "MILAGROS"],
["MILAN", "MILAN"],
["MILDRED", "MILDRED"],
["MILES", "MILES"],
["MILFORD", "MILFORD"],
["MILLARD", "MILLARD"],
["MILLICENT", "MILLICENT"],
["MILLIE", "MILLIE"],
["MILO", "MILO"],
["MILTON", "MILTON"],
["MINDY", "MINDY"],
["MINERVA", "MINERVA"],
["MINH", "MINH"],
["MINNIE", "MINNIE"],
["MIQUEL", "MIQUEL"],
["MIRANDA", "MIRANDA"],
["MIRIAM", "MIRIAM"],
["MISTY", "MISTY"],
["MITCH", "MITCH"],
["MITCHEL", "MITCHEL"],
["MITCHELL", "MITCHELL"],
["MITZI", "MITZI"],
["MODESTO", "MODESTO"],
["MOHAMED", "MOHAMED"],
["MOHAMMAD", "MOHAMMAD"],
["MOHAMMED", "MOHAMMED"],
["MOISES", "MOISES"],
["MOLLIE", "MOLLIE"],
["MOLLY", "MOLLY"],
["MONA", "MONA"],
["MONICA", "MONICA"],
["MONIQUE", "MONIQUE"],
["MONROE", "MONROE"],
["MONTE", "MONTE"],
["MONTY", "MONTY"],
["MORGAN", "MORGAN"],
["MORGAN", "MORGAN"],
["MORRIS", "MORRIS"],
["MORTON", "MORTON"],
["MOSE", "MOSE"],
["MOSES", "MOSES"],
["MOSHE", "MOSHE"],
["MURIEL", "MURIEL"],
["MURRAY", "MURRAY"],
["MYLES", "MYLES"],
["MYRA", "MYRA"],
["MYRNA", "MYRNA"],
["MYRON", "MYRON"],
["MYRTLE", "MYRTLE"],
["NADIA", "NADIA"],
["NADINE", "NADINE"],
["NANCY", "NANCY"],
["NANETTE", "NANETTE"],
["NANNIE", "NANNIE"],
["NAOMI", "NAOMI"],
["NAPOLEON", "NAPOLEON"],
["NATALIA", "NATALIA"],
["NATALIE", "NATALIE"],
["NATASHA", "NATASHA"],
["NATHAN", "NATHAN"],
["NATHANAEL", "NATHANAEL"],
["NATHANIAL", "NATHANIAL"],
["NATHANIEL", "NATHANIEL"],
["NEAL", "NEAL"],
["NED", "NED"],
["NEIL", "NEIL"],
["NELDA", "NELDA"],
["NELL", "NELL"],
["NELLIE", "NELLIE"],
["NELSON", "NELSON"],
["NESTOR", "NESTOR"],
["NETTIE", "NETTIE"],
["NEVA", "NEVA"],
["NEVILLE", "NEVILLE"],
["NEWTON", "NEWTON"],
["NICHOLAS", "NICHOLAS"],
["NICHOLE", "NICHOLE"],
["NICK", "NICK"],
["NICKOLAS", "NICKOLAS"],
["NICKY", "NICKY"],
["NICOLAS", "NICOLAS"],
["NICOLE", "NICOLE"],
["NIGEL", "NIGEL"],
["NIKKI", "NIKKI"],
["NINA", "NINA"],
["NITA", "NITA"],
["NOAH", "NOAH"],
["NOBLE", "NOBLE"],
["NOE", "NOE"],
["NOEL", "NOEL"],
["NOELLE", "NOELLE"],
["NOEMI", "NOEMI"],
["NOLA", "NOLA"],
["NOLAN", "NOLAN"],
["NONA", "NONA"],
["NORA", "NORA"],
["NORBERT", "NORBERT"],
["NORBERTO", "NORBERTO"],
["NOREEN", "NOREEN"],
["NORMA", "NORMA"],
["NORMAN", "NORMAN"],
["NORMAND", "NORMAND"],
["NORRIS", "NORRIS"],
["NUMBERS", "NUMBERS"],
["OCTAVIO", "OCTAVIO"],
["ODELL", "ODELL"],
["ODESSA", "ODESSA"],
["ODIS", "ODIS"],
["OFELIA", "OFELIA"],
["OLA", "OLA"],
["OLEN", "OLEN"],
["OLGA", "OLGA"],
["OLIN", "OLIN"],
["OLIVE", "OLIVE"],
["OLIVER", "OLIVER"],
["OLIVIA", "OLIVIA"],
["OLLIE", "OLLIE"],
["OLLIE", "OLLIE"],
["OMAR", "OMAR"],
["OMER", "OMER"],
["OPAL", "OPAL"],
["OPHELIA", "OPHELIA"],
["ORA", "ORA"],
["OREN", "OREN"],
["ORLANDO", "ORLANDO"],
["ORVAL", "ORVAL"],
["ORVILLE", "ORVILLE"],
["OSCAR", "OSCAR"],
["OSVALDO", "OSVALDO"],
["OSWALDO", "OSWALDO"],
["OTHA", "OTHA"],
["OTIS", "OTIS"],
["OTTO", "OTTO"],
["OWEN", "OWEN"],
["PABLO", "PABLO"],
["PAIGE", "PAIGE"],
["PALMER", "PALMER"],
["PAM", "PAM"],
["PAMELA", "PAMELA"],
["PANSY", "PANSY"],
["PARIS", "PARIS"],
["PARKER", "PARKER"],
["PASQUALE", "PASQUALE"],
["PAT", "PAT"],
["PAT", "PAT"],
["PATRICA", "PATRICA"],
["PATRICE", "PATRICE"],
["PATRICIA", "PATRICIA"],
["PATRICIA", "PATRICIA"],
["PATRICK", "PATRICK"],
["PATSY", "PATSY"],
["PATTI", "PATTI"],
["PATTY", "PATTY"],
["PAUL", "PAUL"],
["PAULA", "PAULA"],
["PAULETTE", "PAULETTE"],
["PAULINE", "PAULINE"],
["PEARL", "PEARL"],
["PEARLIE", "PEARLIE"],
["PEDRO", "PEDRO"],
["PEGGY", "PEGGY"],
["PENELOPE", "PENELOPE"],
["PENNY", "PENNY"],
["PERCY", "PERCY"],
["PERRY", "PERRY"],
["PETE", "PETE"],
["PETER", "PETER"],
["PETRA", "PETRA"],
["PHIL", "PHIL"],
["PHILIP", "PHILIP"],
["PHILLIP", "PHILLIP"],
["PHOEBE", "PHOEBE"],
["PHYLLIS", "PHYLLIS"],
["PIERRE", "PIERRE"],
["POLLY", "POLLY"],
["PORFIRIO", "PORFIRIO"],
["PORTER", "PORTER"],
["PRESTON", "PRESTON"],
["PRINCE", "PRINCE"],
["PRISCILLA", "PRISCILLA"],
["QUEEN", "QUEEN"],
["QUENTIN", "QUENTIN"],
["QUINCY", "QUINCY"],
["QUINN", "QUINN"],
["QUINTIN", "QUINTIN"],
["QUINTON", "QUINTON"],
["RACHAEL", "RACHAEL"],
["RACHEL", "RACHEL"],
["RACHELLE", "RACHELLE"],
["RAE", "RAE"],
["RAFAEL", "RAFAEL"],
["RALEIGH", "RALEIGH"],
["RALPH", "RALPH"],
["RAMIRO", "RAMIRO"],
["RAMON", "RAMON"],
["RAMONA", "RAMONA"],
["RANDAL", "RANDAL"],
["RANDALL", "RANDALL"],
["RANDELL", "RANDELL"],
["RANDI", "RANDI"],
["RANDOLPH", "RANDOLPH"],
["RANDY", "RANDY"],
["RAPHAEL", "RAPHAEL"],
["RAQUEL", "RAQUEL"],
["RASHAD", "RASHAD"],
["RAUL", "RAUL"],
["RAY", "RAY"],
["RAYFORD", "RAYFORD"],
["RAYMON", "RAYMON"],
["RAYMOND", "RAYMOND"],
["RAYMUNDO", "RAYMUNDO"],
["REBA", "REBA"],
["REBECCA", "REBECCA"],
["REBEKAH", "REBEKAH"],
["REED", "REED"],
["REFUGIO", "REFUGIO"],
["REGGIE", "REGGIE"],
["REGINA", "REGINA"],
["REGINALD", "REGINALD"],
["REID", "REID"],
["REINALDO", "REINALDO"],
["RENA", "RENA"],
["RENALDO", "RENALDO"],
["RENATO", "RENATO"],
["RENE", "RENE"],
["RENE", "RENE"],
["RENEE", "RENEE"],
["REUBEN", "REUBEN"],
["REVA", "REVA"],
["REX", "REX"],
["REY", "REY"],
["REYES", "REYES"],
["REYNA", "REYNA"],
["REYNALDO", "REYNALDO"],
["RHEA", "RHEA"],
["RHETT", "RHETT"],
["RHODA", "RHODA"],
["RHONDA", "RHONDA"],
["RICARDO", "RICARDO"],
["RICH", "RICH"],
["RICHARD", "RICHARD"],
["RICHIE", "RICHIE"],
["RICK", "RICK"],
["RICKEY", "RICKEY"],
["RICKIE", "RICKIE"],
["RICKY", "RICKY"],
["RICO", "RICO"],
["RIGOBERTO", "RIGOBERTO"],
["RILEY", "RILEY"],
["RITA", "RITA"],
["ROB", "ROB"],
["ROBBIE", "ROBBIE"],
["ROBBIE", "ROBBIE"],
["ROBBY", "ROBBY"],
["ROBERT", "ROBERT"],
["ROBERT", "ROBERT"],
["ROBERTA", "ROBERTA"],
["ROBERTO", "ROBERTO"],
["ROBIN", "ROBIN"],
["ROBIN", "ROBIN"],
["ROBT", "ROBT"],
["ROBYN", "ROBYN"],
["ROCCO", "ROCCO"],
["ROCHELLE", "ROCHELLE"],
["ROCKY", "ROCKY"],
["ROD", "ROD"],
["RODERICK", "RODERICK"],
["RODGER", "RODGER"],
["RODNEY", "RODNEY"],
["RODOLFO", "RODOLFO"],
["RODRICK", "RODRICK"],
["RODRIGO", "RODRIGO"],
["ROGELIO", "ROGELIO"],
["ROGER", "ROGER"],
["ROLAND", "ROLAND"],
["ROLANDO", "ROLANDO"],
["ROLF", "ROLF"],
["ROLLAND", "ROLLAND"],
["ROMAN", "ROMAN"],
["ROMEO", "ROMEO"],
["RON", "RON"],
["RONALD", "RONALD"],
["RONDA", "RONDA"],
["RONNIE", "RONNIE"],
["RONNY", "RONNY"],
["ROOSEVELT", "ROOSEVELT"],
["RORY", "RORY"],
["ROSA", "ROSA"],
["ROSALIE", "ROSALIE"],
["ROSALIND", "ROSALIND"],
["ROSALINDA", "ROSALINDA"],
["ROSALYN", "ROSALYN"],
["ROSANNA", "ROSANNA"],
["ROSANNE", "ROSANNE"],
["ROSARIO", "ROSARIO"],
["ROSARIO", "ROSARIO"],
["ROSCOE", "ROSCOE"],
["ROSE", "ROSE"],
["ROSEANN", "ROSEANN"],
["ROSELLA", "ROSELLA"],
["ROSEMARIE", "ROSEMARIE"],
["ROSEMARY", "ROSEMARY"],
["ROSENDO", "ROSENDO"],
["ROSETTA", "ROSETTA"],
["ROSIE", "ROSIE"],
["ROSLYN", "ROSLYN"],
["ROSS", "ROSS"],
["ROWENA", "ROWENA"],
["ROXANNE", "ROXANNE"],
["ROXIE", "ROXIE"],
["ROY", "ROY"],
["ROYAL", "ROYAL"],
["ROYCE", "ROYCE"],
["RUBEN", "RUBEN"],
["RUBIN", "RUBIN"],
["RUBY", "RUBY"],
["RUDOLF", "RUDOLF"],
["RUDOLPH", "RUDOLPH"],
["RUDY", "RUDY"],
["RUEBEN", "RUEBEN"],
["RUFUS", "RUFUS"],
["RUPERT", "RUPERT"],
["RUSS", "RUSS"],
["RUSSEL", "RUSSEL"],
["RUSSELL", "RUSSELL"],
["RUSTY", "RUSTY"],
["RUTH", "RUTH"],
["RUTHIE", "RUTHIE"],
["RYAN", "RYAN"],
["SABRINA", "SABRINA"],
["SADIE", "SADIE"],
["SAL", "SAL"],
["SALLIE", "SALLIE"],
["SALLY", "SALLY"],
["SALVADOR", "SALVADOR"],
["SALVATORE", "SALVATORE"],
["SAM", "SAM"],
["SAMANTHA", "SAMANTHA"],
["SAMMIE", "SAMMIE"],
["SAMMY", "SAMMY"],
["SAMUAL", "SAMUAL"],
["SAMUEL", "SAMUEL"],
["SANDRA", "SANDRA"],
["SANDY", "SANDY"],
["SANDY", "SANDY"],
["SANFORD", "SANFORD"],
["SANG", "SANG"],
["SANTIAGO", "SANTIAGO"],
["SANTO", "SANTO"],
["SANTOS", "SANTOS"],
["SARA", "SARA"],
["SARAH", "SARAH"],
["SASHA", "SASHA"],
["SAUL", "SAUL"],
["SAUNDRA", "SAUNDRA"],
["SAVANNAH", "SAVANNAH"],
["SCOT", "SCOT"],
["SCOTT", "SCOTT"],
["SCOTTIE", "SCOTTIE"],
["SCOTTY", "SCOTTY"],
["SEAN", "SEAN"],
["SEBASTIAN", "SEBASTIAN"],
["SELENA", "SELENA"],
["SELMA", "SELMA"],
["SERENA", "SERENA"],
["SERGIO", "SERGIO"],
["SETH", "SETH"],
["SEYMOUR", "SEYMOUR"],
["SHAD", "SHAD"],
["SHANA", "SHANA"],
["SHANE", "SHANE"],
["SHANNA", "SHANNA"],
["SHANNON", "SHANNON"],
["SHANNON", "SHANNON"],
["SHARI", "SHARI"],
["SHARLENE", "SHARLENE"],
["SHARON", "SHARON"],
["SHARRON", "SHARRON"],
["SHAUN", "SHAUN"],
["SHAUNA", "SHAUNA"],
["SHAWN", "SHAWN"],
["SHAWN", "SHAWN"],
["SHAWNA", "SHAWNA"],
["SHAYNE", "SHAYNE"],
["SHEENA", "SHEENA"],
["SHEILA", "SHEILA"],
["SHELBY", "SHELBY"],
["SHELBY", "SHELBY"],
["SHELDON", "SHELDON"],
["SHELIA", "SHELIA"],
["SHELLEY", "SHELLEY"],
["SHELLY", "SHELLY"],
["SHELTON", "SHELTON"],
["SHEREE", "SHEREE"],
["SHERI", "SHERI"],
["SHERMAN", "SHERMAN"],
["SHERRI", "SHERRI"],
["SHERRIE", "SHERRIE"],
["SHERRY", "SHERRY"],
["SHERWOOD", "SHERWOOD"],
["SHERYL", "SHERYL"],
["SHIRLEY", "SHIRLEY"],
["SHIRLEY", "SHIRLEY"],
["SHON", "SHON"],
["SID", "SID"],
["SIDNEY", "SIDNEY"],
["SILAS", "SILAS"],
["SILVIA", "SILVIA"],
["SIMON", "SIMON"],
["SIMONE", "SIMONE"],
["SOCORRO", "SOCORRO"],
["SOFIA", "SOFIA"],
["SOL", "SOL"],
["SOLOMON", "SOLOMON"],
["SON", "SON"],
["SONDRA", "SONDRA"],
["SONIA", "SONIA"],
["SONJA", "SONJA"],
["SONNY", "SONNY"],
["SONYA", "SONYA"],
["SOPHIA", "SOPHIA"],
["SOPHIE", "SOPHIE"],
["SPENCER", "SPENCER"],
["STACEY", "STACEY"],
["STACEY", "STACEY"],
["STACI", "STACI"],
["STACIE", "STACIE"],
["STACY", "STACY"],
["STACY", "STACY"],
["STAN", "STAN"],
["STANFORD", "STANFORD"],
["STANLEY", "STANLEY"],
["STANTON", "STANTON"],
["STEFAN", "STEFAN"],
["STEFANIE", "STEFANIE"],
["STELLA", "STELLA"],
["STEPHAN", "STEPHAN"],
["STEPHANIE", "STEPHANIE"],
["STEPHEN", "STEPHEN"],
["STERLING", "STERLING"],
["STEVE", "STEVE"],
["STEVEN", "STEVEN"],
["STEVIE", "STEVIE"],
["STEWART", "STEWART"],
["STUART", "STUART"],
["SUE", "SUE"],
["SUMMER", "SUMMER"],
["SUNG", "SUNG"],
["SUSAN", "SUSAN"],
["SUSANA", "SUSANA"],
["SUSANNA", "SUSANNA"],
["SUSANNE", "SUSANNE"],
["SUSIE", "SUSIE"],
["SUZANNE", "SUZANNE"],
["SUZETTE", "SUZETTE"],
["SYBIL", "SYBIL"],
["SYDNEY", "SYDNEY"],
["SYLVESTER", "SYLVESTER"],
["SYLVIA", "SYLVIA"],
["TABATHA", "TABATHA"],
["TABITHA", "TABITHA"],
["TAD", "TAD"],
["TAMARA", "TAMARA"],
["TAMEKA", "TAMEKA"],
["TAMERA", "TAMERA"],
["TAMI", "TAMI"],
["TAMIKA", "TAMIKA"],
["TAMMI", "TAMMI"],
["TAMMIE", "TAMMIE"],
["TAMMY", "TAMMY"],
["TAMRA", "TAMRA"],
["TANIA", "TANIA"],
["TANISHA", "TANISHA"],
["TANNER", "TANNER"],
["TANYA", "TANYA"],
["TARA", "TARA"],
["TASHA", "TASHA"],
["TAYLOR", "TAYLOR"],
["TAYLOR", "TAYLOR"],
["TED", "TED"],
["TEDDY", "TEDDY"],
["TEODORO", "TEODORO"],
["TERENCE", "TERENCE"],
["TERESA", "TERESA"],
["TERI", "TERI"],
["TERRA", "TERRA"],
["TERRANCE", "TERRANCE"],
["TERRELL", "TERRELL"],
["TERRENCE", "TERRENCE"],
["TERRI", "TERRI"],
["TERRIE", "TERRIE"],
["TERRY", "TERRY"],
["TERRY", "TERRY"],
["TESSA", "TESSA"],
["THAD", "THAD"],
["THADDEUS", "THADDEUS"],
["THANH", "THANH"],
["THELMA", "THELMA"],
["THEO", "THEO"],
["THEODORE", "THEODORE"],
["THERESA", "THERESA"],
["THERESE", "THERESE"],
["THERON", "THERON"],
["THOMAS", "THOMAS"],
["THURMAN", "THURMAN"],
["TIA", "TIA"],
["TIFFANY", "TIFFANY"],
["TIM", "TIM"],
["TIMMY", "TIMMY"],
["TIMOTHY", "TIMOTHY"],
["TINA", "TINA"],
["TISHA", "TISHA"],
["TITUS", "TITUS"],
["TOBIAS", "TOBIAS"],
["TOBY", "TOBY"],
["TOD", "TOD"],
["TODD", "TODD"],
["TOM", "TOM"],
["TOMAS", "TOMAS"],
["TOMMIE", "TOMMIE"],
["TOMMIE", "TOMMIE"],
["TOMMY", "TOMMY"],
["TONEY", "TONEY"],
["TONI", "TONI"],
["TONIA", "TONIA"],
["TONY", "TONY"],
["TONYA", "TONYA"],
["TORY", "TORY"],
["TRACEY", "TRACEY"],
["TRACEY", "TRACEY"],
["TRACI", "TRACI"],
["TRACIE", "TRACIE"],
["TRACY", "TRACY"],
["TRACY", "TRACY"],
["TRAVIS", "TRAVIS"],
["TRENT", "TRENT"],
["TRENTON", "TRENTON"],
["TREVOR", "TREVOR"],
["TREY", "TREY"],
["TRICIA", "TRICIA"],
["TRINA", "TRINA"],
["TRINIDAD", "TRINIDAD"],
["TRISHA", "TRISHA"],
["TRISTAN", "TRISTAN"],
["TROY", "TROY"],
["TRUDY", "TRUDY"],
["TRUMAN", "TRUMAN"],
["TUAN", "TUAN"],
["TWILA", "TWILA"],
["TY", "TY"],
["TYLER", "TYLER"],
["TYREE", "TYREE"],
["TYRELL", "TYRELL"],
["TYRON", "TYRON"],
["TYRONE", "TYRONE"],
["TYSON", "TYSON"],
["ULYSSES", "ULYSSES"],
["URSULA", "URSULA"],
["VAL", "VAL"],
["VALARIE", "VALARIE"],
["VALENTIN", "VALENTIN"],
["VALENTINE", "VALENTINE"],
["VALERIA", "VALERIA"],
["VALERIE", "VALERIE"],
["VAN", "VAN"],
["VANCE", "VANCE"],
["VANESSA", "VANESSA"],
["VAUGHN", "VAUGHN"],
["VELMA", "VELMA"],
["VERA", "VERA"],
["VERN", "VERN"],
["VERNA", "VERNA"],
["VERNON", "VERNON"],
["VERONICA", "VERONICA"],
["VICENTE", "VICENTE"],
["VICKI", "VICKI"],
["VICKIE", "VICKIE"],
["VICKY", "VICKY"],
["VICTOR", "VICTOR"],
["VICTORIA", "VICTORIA"],
["VILMA", "VILMA"],
["VINCE", "VINCE"],
["VINCENT", "VINCENT"],
["VINCENZO", "VINCENZO"],
["VIOLA", "VIOLA"],
["VIOLET", "VIOLET"],
["VIRGIE", "VIRGIE"],
["VIRGIL", "VIRGIL"],
["VIRGILIO", "VIRGILIO"],
["VIRGINIA", "VIRGINIA"],
["VITO", "VITO"],
["VIVIAN", "VIVIAN"],
["VON", "VON"],
["VONDA", "VONDA"],
["WADE", "WADE"],
["WALDO", "WALDO"],
["WALKER", "WALKER"],
["WALLACE", "WALLACE"],
["WALLY", "WALLY"],
["WALTER", "WALTER"],
["WALTON", "WALTON"],
["WANDA", "WANDA"],
["WARD", "WARD"],
["WARNER", "WARNER"],
["WARREN", "WARREN"],
["WAYLON", "WAYLON"],
["WAYNE", "WAYNE"],
["WELDON", "WELDON"],
["WENDELL", "WENDELL"],
["WENDI", "WENDI"],
["WENDY", "WENDY"],
["WERNER", "WERNER"],
["WES", "WES"],
["WESLEY", "WESLEY"],
["WESTON", "WESTON"],
["WHITNEY", "WHITNEY"],
["WHITNEY", "WHITNEY"],
["WILBER", "WILBER"],
["WILBERT", "WILBERT"],
["WILBUR", "WILBUR"],
["WILBURN", "WILBURN"],
["WILDA", "WILDA"],
["WILEY", "WILEY"],
["WILFORD", "WILFORD"],
["WILFRED", "WILFRED"],
["WILFREDO", "WILFREDO"],
["WILL", "WILL"],
["WILLA", "WILLA"],
["WILLARD", "WILLARD"],
["WILLIAM", "WILLIAM"],
["WILLIAMS", "WILLIAMS"],
["WILLIAN", "WILLIAN"],
["WILLIE", "WILLIE"],
["WILLIE", "WILLIE"],
["WILLIS", "WILLIS"],
["WILLY", "WILLY"],
["WILMA", "WILMA"],
["WILMER", "WILMER"],
["WILSON", "WILSON"],
["WILTON", "WILTON"],
["WINFORD", "WINFORD"],
["WINFRED", "WINFRED"],
["WINIFRED", "WINIFRED"],
["WINNIE", "WINNIE"],
["WINSTON", "WINSTON"],
["WOODROW", "WOODROW"],
["WYATT", "WYATT"],
["XAVIER", "XAVIER"],
["YESENIA", "YESENIA"],
["YOLANDA", "YOLANDA"],
["YONG", "YONG"],
["YOUNG", "YOUNG"],
["YOUNG", "YOUNG"],
["YVETTE", "YVETTE"],
["YVONNE", "YVONNE"],
["ZACHARIAH", "ZACHARIAH"],
["ZACHARY", "ZACHARY"],
["ZACHERY", "ZACHERY"],
["ZACK", "ZACK"],
["ZACKARY", "ZACKARY"],
["ZANE", "ZANE"],
["ZELMA", "ZELMA"]
]
