[
["85901", "Show Low"],
["85902", "Show Low"],
["85911", "Cibecue"],
["85911", "Show Low"],
["85912", "White Mountain Lake"],
["85920", "Alpine"],
["85923", "Clay Springs"],
["85924", "Concho"],
["85925", "Eagar"],
["85926", "Fort Apache"],
["85927", "Greer"],
["85928", "Heber"],
["85929", "Lakeside"],
["85930", "Mcnary"],
["85931", "Forest Lakes"],
["85931", "Heber"],
["85932", "Nutrioso"],
["85933", "Overgaard"],
["85934", "Pinedale"],
["85935", "Pinetop"],
["85936", "St. Johns"],
["85937", "Snowflake"],
["85938", "Springerville"],
["85939", "Taylor"],
["85940", "Vernon"],
["85941", "Whiteriver"],
["85942", "Woodruff"],
["85942", "Snowflake"],
["86001", "Flagstaff"],
["86002", "Flagstaff"],
["86003", "Flagstaff"],
["86004", "Flagstaff"],
["86015", "Bellemont"],
["86015", "Flagstaff"],
["86016", "Cameron"],
["86016", "Gray Mountain"],
["86017", "Munds Park"],
["86017", "Flagstaff"],
["86018", "Parks"],
["86018", "Flagstaff"],
["86020", "Cameron"],
["86022", "Fredonia"],
["86023", "Grand Canyon"],
["86024", "Happy Jack"],
["86024", "Flagstaff"],
["86025", "Holbrook"],
["86028", "Petrified Forest Natl Pk"],
["86028", "Holbrook"],
["86029", "Sun Valley"],
["86029", "Holbrook"],
["86030", "Hotevilla"],
["86031", "Indian Wells"],
["86031", "Holbrook"],
["86032", "Joseph City"],
["86033", "Kayenta"],
["86034", "Keams Canyon"],
["86035", "Leupp"],
["86036", "Marble Canyon"],
["86038", "Mormon Lake"],
["86038", "Flagstaff"],
["86039", "Kykotsmovi"],
["86040", "Greenehaven"],
["86040", "Page"],
["86042", "Polacca"],
["86043", "Second Mesa"],
["86044", "Tonalea"],
["86045", "Tuba City"],
["86046", "Williams"],
["86047", "Winslow"],
["86052", "North Rim"],
["86052", "Fredonia"],
["86053", "Kaibito"],
["86053", "Tonalea"],
["86054", "Tonalea"],
["86054", "Shonto"],
["86301", "Prescott"],
["86302", "Prescott"],
["86303", "Groom Creek"],
["86303", "Prescott"],
["86304", "Prescott"],
["86305", "Prescott"],
["86312", "Prescott Valley"],
["86313", "Prescott"],
["86314", "Prescott Valley"],
["86315", "Prescott Valley"],
["86320", "Ash Fork"],
["86321", "Bagdad"],
["86322", "Camp Verde"],
["86323", "Chino Valley"],
["86324", "Clarkdale"],
["86325", "Cornville"],
["86326", "Cottonwood"],
["86327", "Dewey"],
["86329", "Humboldt"],
["86330", "Iron Springs"],
["86330", "Prescott"],
["86331", "Jerome"],
["86332", "Kirkland"],
["86333", "Bensch Ranch"],
["86333", "Cordes Lakes"],
["86333", "Spring Valley"],
["86333", "Mayer"],
["86334", "Paulden"],
["86335", "Rimrock"],
["86336", "Sedona"],
["86337", "Seligman"],
["86338", "Skull Valley"],
["86339", "Sedona"],
["86339", "Sedona"],
["86340", "West Sedona"],
["86340", "Sedona"],
["86341", "Sedona"],
["86342", "Lake Montezuma"],
["86343", "Crown King"],
["86351", "Sedona"],
["86435", "Supai"],
["86502", "Chambers"],
["86503", "Chinle"],
["86504", "Fort Defiance"],
["86505", "Ganado"],
["86506", "Houck"],
["86507", "Chinle"],
["86507", "Lukachukai"],
["86508", "Houck"],
["86508", "Lupton"],
["86510", "Pinon"],
["86511", "St. Michaels"],
["86512", "Sanders"],
["86514", "Teec Nos Pos"],
["86515", "Window Rock"],
["86520", "Blue Gap"],
["86520", "Pinon"],
["86535", "Dennehotso"],
["86535", "Teec Nos Pos"],
["86538", "Chinle"],
["86538", "Many Farms"],
["86540", "Nazlini"],
["86540", "Ganado"],
["86544", "Red Valley"],
["86544", "Teec Nos Pos"],
["86545", "Rock Point"],
["86545", "Chinle"],
["86547", "Round Rock"],
["86547", "Chinle"],
["86556", "Chinle"],
["86556", "Tsaile"]
]
